// Jest Snapshot v1, https://goo.gl/fbAQLP

exports[`CardLink должен правильно отображаться на странице 1`] = `
<div>
  <div
    class="MuiPaper-root MuiPaper-outlined MuiPaper-rounded MuiCard-root css-1v5z4dq-MuiPaper-root-MuiCard-root"
  >
    <div
      class="MuiCardContent-root css-46bh2p-MuiCardContent-root"
    >
      <div
        class="MuiStack-root css-rehsbp-MuiStack-root"
      >
        <a
          class="css-nn640c"
          href="/test-link"
        >
          <svg
            aria-hidden="true"
            class="MuiSvgIcon-root MuiSvgIcon-fontSizeMedium css-1jt09b6-MuiSvgIcon-root"
            data-testid="InfoIcon"
            focusable="false"
            viewBox="0 0 24 24"
          >
            <path
              d="M12 2C6.48 2 2 6.48 2 12s4.48 10 10 10 10-4.48 10-10S17.52 2 12 2zm1 15h-2v-6h2v6zm0-8h-2V7h2v2z"
            />
          </svg>
          <h6
            class="MuiTypography-root MuiTypography-h6 css-2ulfj5-MuiTypography-root"
          >
            Тестовое Название
          </h6>
        </a>
      </div>
    </div>
  </div>
</div>
`;
